
19. Executing CHECK pass (checking for obvious problems).
checking module chip_io..
Warning: multiple conflicting drivers for chip_io.\TIE_LO_ESD:
    port TIE_LO_ESD[0] of cell B_CP_PAD (sky130_fd_io__top_gpiov2)
    port TIE_LO_ESD[0] of cell B_VCO_PAD (sky130_fd_io__top_gpiov2)
    port TIE_LO_ESD[0] of cell EN_CP_PAD (sky130_fd_io__top_gpiov2)
    port TIE_LO_ESD[0] of cell EN_VCO_PAD (sky130_fd_io__top_gpiov2)
    port TIE_LO_ESD[0] of cell GPIO_0_PAD (sky130_fd_io__top_gpiov2)
    port TIE_LO_ESD[0] of cell GPIO_1_PAD (sky130_fd_io__top_gpiov2)
    port TIE_LO_ESD[0] of cell GPIO_2_PAD (sky130_fd_io__top_gpiov2)
    port TIE_LO_ESD[0] of cell GPIO_3_PAD (sky130_fd_io__top_gpiov2)
Warning: multiple conflicting drivers for chip_io.\TIE_HI_ESD:
    port TIE_HI_ESD[0] of cell B_CP_PAD (sky130_fd_io__top_gpiov2)
    port TIE_HI_ESD[0] of cell B_VCO_PAD (sky130_fd_io__top_gpiov2)
    port TIE_HI_ESD[0] of cell EN_CP_PAD (sky130_fd_io__top_gpiov2)
    port TIE_HI_ESD[0] of cell EN_VCO_PAD (sky130_fd_io__top_gpiov2)
    port TIE_HI_ESD[0] of cell GPIO_0_PAD (sky130_fd_io__top_gpiov2)
    port TIE_HI_ESD[0] of cell GPIO_1_PAD (sky130_fd_io__top_gpiov2)
    port TIE_HI_ESD[0] of cell GPIO_2_PAD (sky130_fd_io__top_gpiov2)
    port TIE_HI_ESD[0] of cell GPIO_3_PAD (sky130_fd_io__top_gpiov2)
Warning: Wire chip_io.\VCO_IN_pll is used but has no driver.
Warning: Wire chip_io.\REF_CLK_pll is used but has no driver.
Warning: Wire chip_io.$auto$hilomap.cc:47:hilomap_worker$340 is used but has no driver.
Warning: Wire chip_io.$auto$hilomap.cc:47:hilomap_worker$338 is used but has no driver.
Warning: Wire chip_io.$auto$hilomap.cc:47:hilomap_worker$336 is used but has no driver.
Warning: Wire chip_io.$auto$hilomap.cc:47:hilomap_worker$334 is used but has no driver.
Warning: Wire chip_io.$auto$hilomap.cc:47:hilomap_worker$332 is used but has no driver.
Warning: Wire chip_io.$auto$hilomap.cc:47:hilomap_worker$330 is used but has no driver.
Warning: Wire chip_io.$auto$hilomap.cc:47:hilomap_worker$328 is used but has no driver.
Warning: Wire chip_io.$auto$hilomap.cc:47:hilomap_worker$326 is used but has no driver.
Warning: Wire chip_io.$auto$hilomap.cc:47:hilomap_worker$324 is used but has no driver.
Warning: Wire chip_io.$auto$hilomap.cc:47:hilomap_worker$322 is used but has no driver.
Warning: Wire chip_io.$auto$hilomap.cc:47:hilomap_worker$320 is used but has no driver.
Warning: Wire chip_io.$auto$hilomap.cc:47:hilomap_worker$318 is used but has no driver.
Warning: Wire chip_io.$auto$hilomap.cc:47:hilomap_worker$316 is used but has no driver.
Warning: Wire chip_io.$auto$hilomap.cc:47:hilomap_worker$314 is used but has no driver.
Warning: Wire chip_io.$auto$hilomap.cc:47:hilomap_worker$312 is used but has no driver.
Warning: Wire chip_io.$auto$hilomap.cc:47:hilomap_worker$310 is used but has no driver.
Warning: Wire chip_io.$auto$hilomap.cc:47:hilomap_worker$308 is used but has no driver.
Warning: Wire chip_io.$auto$hilomap.cc:47:hilomap_worker$306 is used but has no driver.
Warning: Wire chip_io.$auto$hilomap.cc:47:hilomap_worker$304 is used but has no driver.
Warning: Wire chip_io.$auto$hilomap.cc:47:hilomap_worker$302 is used but has no driver.
Warning: Wire chip_io.$auto$hilomap.cc:47:hilomap_worker$300 is used but has no driver.
Warning: Wire chip_io.$auto$hilomap.cc:47:hilomap_worker$298 is used but has no driver.
Warning: Wire chip_io.$auto$hilomap.cc:47:hilomap_worker$296 is used but has no driver.
Warning: Wire chip_io.$auto$hilomap.cc:47:hilomap_worker$294 is used but has no driver.
Warning: Wire chip_io.$auto$hilomap.cc:47:hilomap_worker$292 is used but has no driver.
Warning: Wire chip_io.$auto$hilomap.cc:47:hilomap_worker$290 is used but has no driver.
Warning: Wire chip_io.$auto$hilomap.cc:47:hilomap_worker$288 is used but has no driver.
Warning: Wire chip_io.$auto$hilomap.cc:47:hilomap_worker$286 is used but has no driver.
Warning: Wire chip_io.$auto$hilomap.cc:47:hilomap_worker$284 is used but has no driver.
Warning: Wire chip_io.$auto$hilomap.cc:47:hilomap_worker$282 is used but has no driver.
Warning: Wire chip_io.$auto$hilomap.cc:47:hilomap_worker$280 is used but has no driver.
Warning: Wire chip_io.$auto$hilomap.cc:47:hilomap_worker$278 is used but has no driver.
Warning: Wire chip_io.$auto$hilomap.cc:47:hilomap_worker$276 is used but has no driver.
Warning: Wire chip_io.$auto$hilomap.cc:47:hilomap_worker$274 is used but has no driver.
Warning: Wire chip_io.$auto$hilomap.cc:47:hilomap_worker$272 is used but has no driver.
Warning: Wire chip_io.$auto$hilomap.cc:47:hilomap_worker$270 is used but has no driver.
Warning: Wire chip_io.$auto$hilomap.cc:47:hilomap_worker$268 is used but has no driver.
Warning: Wire chip_io.$auto$hilomap.cc:47:hilomap_worker$266 is used but has no driver.
Warning: Wire chip_io.$auto$hilomap.cc:47:hilomap_worker$264 is used but has no driver.
Warning: Wire chip_io.$auto$hilomap.cc:47:hilomap_worker$262 is used but has no driver.
Warning: Wire chip_io.$auto$hilomap.cc:47:hilomap_worker$260 is used but has no driver.
Warning: Wire chip_io.$auto$hilomap.cc:47:hilomap_worker$258 is used but has no driver.
Warning: Wire chip_io.$auto$hilomap.cc:47:hilomap_worker$256 is used but has no driver.
Warning: Wire chip_io.$auto$hilomap.cc:47:hilomap_worker$254 is used but has no driver.
Warning: Wire chip_io.$auto$hilomap.cc:47:hilomap_worker$252 is used but has no driver.
Warning: Wire chip_io.$auto$hilomap.cc:47:hilomap_worker$250 is used but has no driver.
Warning: Wire chip_io.$auto$hilomap.cc:47:hilomap_worker$248 is used but has no driver.
Warning: Wire chip_io.$auto$hilomap.cc:47:hilomap_worker$246 is used but has no driver.
Warning: Wire chip_io.$auto$hilomap.cc:47:hilomap_worker$244 is used but has no driver.
Warning: Wire chip_io.$auto$hilomap.cc:47:hilomap_worker$242 is used but has no driver.
Warning: Wire chip_io.$auto$hilomap.cc:47:hilomap_worker$240 is used but has no driver.
Warning: Wire chip_io.$auto$hilomap.cc:47:hilomap_worker$238 is used but has no driver.
Warning: Wire chip_io.$auto$hilomap.cc:47:hilomap_worker$236 is used but has no driver.
Warning: Wire chip_io.$auto$hilomap.cc:47:hilomap_worker$234 is used but has no driver.
Warning: Wire chip_io.$auto$hilomap.cc:47:hilomap_worker$232 is used but has no driver.
Warning: Wire chip_io.$auto$hilomap.cc:47:hilomap_worker$230 is used but has no driver.
Warning: Wire chip_io.$auto$hilomap.cc:47:hilomap_worker$228 is used but has no driver.
Warning: Wire chip_io.$auto$hilomap.cc:47:hilomap_worker$226 is used but has no driver.
Warning: Wire chip_io.$auto$hilomap.cc:47:hilomap_worker$224 is used but has no driver.
Warning: Wire chip_io.$auto$hilomap.cc:47:hilomap_worker$222 is used but has no driver.
Warning: Wire chip_io.$auto$hilomap.cc:47:hilomap_worker$220 is used but has no driver.
Warning: Wire chip_io.$auto$hilomap.cc:47:hilomap_worker$218 is used but has no driver.
Warning: Wire chip_io.$auto$hilomap.cc:47:hilomap_worker$216 is used but has no driver.
Warning: Wire chip_io.$auto$hilomap.cc:47:hilomap_worker$214 is used but has no driver.
Warning: Wire chip_io.$auto$hilomap.cc:47:hilomap_worker$212 is used but has no driver.
Warning: Wire chip_io.$auto$hilomap.cc:47:hilomap_worker$210 is used but has no driver.
Warning: Wire chip_io.$auto$hilomap.cc:47:hilomap_worker$208 is used but has no driver.
Warning: Wire chip_io.$auto$hilomap.cc:47:hilomap_worker$206 is used but has no driver.
Warning: Wire chip_io.$auto$hilomap.cc:47:hilomap_worker$204 is used but has no driver.
Warning: Wire chip_io.$auto$hilomap.cc:47:hilomap_worker$202 is used but has no driver.
Warning: Wire chip_io.$auto$hilomap.cc:47:hilomap_worker$200 is used but has no driver.
Warning: Wire chip_io.$auto$hilomap.cc:47:hilomap_worker$198 is used but has no driver.
Warning: Wire chip_io.$auto$hilomap.cc:47:hilomap_worker$196 is used but has no driver.
Warning: Wire chip_io.$auto$hilomap.cc:47:hilomap_worker$194 is used but has no driver.
Warning: Wire chip_io.$auto$hilomap.cc:47:hilomap_worker$192 is used but has no driver.
Warning: Wire chip_io.$auto$hilomap.cc:47:hilomap_worker$190 is used but has no driver.
Warning: Wire chip_io.$auto$hilomap.cc:47:hilomap_worker$188 is used but has no driver.
Warning: Wire chip_io.$auto$hilomap.cc:47:hilomap_worker$186 is used but has no driver.
Warning: Wire chip_io.$auto$hilomap.cc:47:hilomap_worker$184 is used but has no driver.
Warning: Wire chip_io.$auto$hilomap.cc:47:hilomap_worker$182 is used but has no driver.
Warning: Wire chip_io.$auto$hilomap.cc:47:hilomap_worker$180 is used but has no driver.
Warning: Wire chip_io.$auto$hilomap.cc:47:hilomap_worker$178 is used but has no driver.
Warning: Wire chip_io.$auto$hilomap.cc:47:hilomap_worker$176 is used but has no driver.
Warning: Wire chip_io.$auto$hilomap.cc:47:hilomap_worker$174 is used but has no driver.
Warning: Wire chip_io.$auto$hilomap.cc:47:hilomap_worker$172 is used but has no driver.
Warning: Wire chip_io.$auto$hilomap.cc:47:hilomap_worker$170 is used but has no driver.
Warning: Wire chip_io.$auto$hilomap.cc:47:hilomap_worker$168 is used but has no driver.
Warning: Wire chip_io.$auto$hilomap.cc:47:hilomap_worker$166 is used but has no driver.
Warning: Wire chip_io.$auto$hilomap.cc:47:hilomap_worker$164 is used but has no driver.
Warning: Wire chip_io.$auto$hilomap.cc:47:hilomap_worker$162 is used but has no driver.
Warning: Wire chip_io.$auto$hilomap.cc:47:hilomap_worker$160 is used but has no driver.
Warning: Wire chip_io.$auto$hilomap.cc:47:hilomap_worker$158 is used but has no driver.
Warning: Wire chip_io.$auto$hilomap.cc:47:hilomap_worker$156 is used but has no driver.
Warning: Wire chip_io.$auto$hilomap.cc:47:hilomap_worker$154 is used but has no driver.
Warning: Wire chip_io.$auto$hilomap.cc:47:hilomap_worker$152 is used but has no driver.
Warning: Wire chip_io.$auto$hilomap.cc:47:hilomap_worker$150 is used but has no driver.
Warning: Wire chip_io.$auto$hilomap.cc:47:hilomap_worker$148 is used but has no driver.
Warning: Wire chip_io.$auto$hilomap.cc:47:hilomap_worker$146 is used but has no driver.
Warning: Wire chip_io.$auto$hilomap.cc:47:hilomap_worker$144 is used but has no driver.
Warning: Wire chip_io.$auto$hilomap.cc:47:hilomap_worker$142 is used but has no driver.
Warning: Wire chip_io.$auto$hilomap.cc:47:hilomap_worker$140 is used but has no driver.
Warning: Wire chip_io.$auto$hilomap.cc:47:hilomap_worker$138 is used but has no driver.
Warning: Wire chip_io.$auto$hilomap.cc:47:hilomap_worker$136 is used but has no driver.
Warning: Wire chip_io.$auto$hilomap.cc:47:hilomap_worker$134 is used but has no driver.
Warning: Wire chip_io.$auto$hilomap.cc:47:hilomap_worker$132 is used but has no driver.
Warning: Wire chip_io.$auto$hilomap.cc:47:hilomap_worker$130 is used but has no driver.
Warning: Wire chip_io.$auto$hilomap.cc:47:hilomap_worker$128 is used but has no driver.
Warning: Wire chip_io.$auto$hilomap.cc:47:hilomap_worker$126 is used but has no driver.
Warning: Wire chip_io.$auto$hilomap.cc:47:hilomap_worker$124 is used but has no driver.
Warning: Wire chip_io.$auto$hilomap.cc:47:hilomap_worker$122 is used but has no driver.
Warning: Wire chip_io.$auto$hilomap.cc:47:hilomap_worker$120 is used but has no driver.
Warning: Wire chip_io.$auto$hilomap.cc:47:hilomap_worker$118 is used but has no driver.
Warning: Wire chip_io.$auto$hilomap.cc:47:hilomap_worker$116 is used but has no driver.
Warning: Wire chip_io.$auto$hilomap.cc:47:hilomap_worker$114 is used but has no driver.
Warning: Wire chip_io.$auto$hilomap.cc:47:hilomap_worker$112 is used but has no driver.
Warning: Wire chip_io.$auto$hilomap.cc:47:hilomap_worker$110 is used but has no driver.
Warning: Wire chip_io.$auto$hilomap.cc:47:hilomap_worker$108 is used but has no driver.
Warning: Wire chip_io.$auto$hilomap.cc:47:hilomap_worker$106 is used but has no driver.
Warning: Wire chip_io.$auto$hilomap.cc:47:hilomap_worker$104 is used but has no driver.
Warning: Wire chip_io.$auto$hilomap.cc:47:hilomap_worker$102 is used but has no driver.
Warning: Wire chip_io.$auto$hilomap.cc:47:hilomap_worker$100 is used but has no driver.
Warning: Wire chip_io.$auto$hilomap.cc:47:hilomap_worker$98 is used but has no driver.
Warning: Wire chip_io.$auto$hilomap.cc:47:hilomap_worker$96 is used but has no driver.
Warning: Wire chip_io.$auto$hilomap.cc:47:hilomap_worker$94 is used but has no driver.
Warning: Wire chip_io.$auto$hilomap.cc:47:hilomap_worker$92 is used but has no driver.
Warning: Wire chip_io.$auto$hilomap.cc:47:hilomap_worker$90 is used but has no driver.
Warning: Wire chip_io.$auto$hilomap.cc:47:hilomap_worker$88 is used but has no driver.
Warning: Wire chip_io.$auto$hilomap.cc:47:hilomap_worker$86 is used but has no driver.
Warning: Wire chip_io.$auto$hilomap.cc:47:hilomap_worker$84 is used but has no driver.
Warning: Wire chip_io.$auto$hilomap.cc:47:hilomap_worker$82 is used but has no driver.
Warning: Wire chip_io.$auto$hilomap.cc:47:hilomap_worker$80 is used but has no driver.
Warning: Wire chip_io.$auto$hilomap.cc:47:hilomap_worker$78 is used but has no driver.
Warning: Wire chip_io.$auto$hilomap.cc:47:hilomap_worker$76 is used but has no driver.
Warning: Wire chip_io.$auto$hilomap.cc:47:hilomap_worker$74 is used but has no driver.
found and reported 138 problems.
